// Vitest Snapshot v1, https://vitest.dev/guide/snapshot.html

exports[`addTransaction 1`] = `
{
  "accounts": [],
  "currentMonth": 5,
  "envelopes": {
    "": {
      "allocated": [
        0,
        0,
        0,
        0,
        0,
        0,
        0,
        0,
        0,
        0,
        0,
        0,
        0,
        0,
        0,
        0,
        0,
        0,
        0,
        0,
        0,
        0,
        0,
        0,
        0,
        0,
        0,
        0,
        0,
        0,
        0,
        0,
        0,
        0,
        0,
        0,
        0,
        0,
        0,
        0,
        0,
        0,
        0,
        0,
        0,
        0,
        0,
        0,
        0,
        0,
      ],
      "monthlyGoal": [
        0,
        0,
        0,
        0,
        0,
        0,
        0,
        0,
        0,
        0,
        0,
        0,
        0,
        0,
        0,
        0,
        0,
        0,
        0,
        0,
        0,
        0,
        0,
        0,
        0,
        0,
        0,
        0,
        0,
        0,
        0,
        0,
        0,
        0,
        0,
        0,
        0,
        0,
        0,
        0,
        0,
        0,
        0,
        0,
        0,
        0,
        0,
        0,
        0,
        0,
      ],
    },
    "Groceries": {
      "allocated": [
        0,
        0,
        0,
        0,
        0,
        300,
        0,
        0,
        0,
        0,
        0,
        0,
        0,
        0,
        0,
        0,
        0,
        0,
        0,
        0,
        0,
        0,
        0,
        0,
        0,
        0,
        0,
        0,
        0,
        0,
        0,
        0,
        0,
        0,
        0,
        0,
        0,
        0,
        0,
        0,
        0,
        0,
        0,
        0,
        0,
        0,
        0,
        0,
        0,
        0,
        0,
        0,
        0,
        0,
        0,
        0,
      ],
      "monthlyGoal": [
        0,
        0,
        0,
        0,
        0,
        0,
        0,
        0,
        0,
        0,
        0,
        0,
        0,
        0,
        0,
        0,
        0,
        0,
        0,
        0,
        0,
        0,
        0,
        0,
        0,
        0,
        0,
        0,
        0,
        0,
        0,
        0,
        0,
        0,
        0,
        0,
        0,
        0,
        0,
        0,
        0,
        0,
        0,
        0,
        0,
        0,
        0,
        0,
        0,
        0,
      ],
    },
    "New": {
      "allocated": [
        0,
        0,
        0,
        0,
        0,
        0,
        0,
        0,
        0,
        0,
        0,
        0,
        0,
        0,
        0,
        0,
        0,
        0,
        0,
        0,
        0,
        0,
        0,
        0,
        0,
        0,
        0,
        0,
        0,
        0,
        0,
        0,
        0,
        0,
        0,
        0,
        0,
        0,
        0,
        0,
        0,
        0,
        0,
        0,
        0,
        0,
        0,
        0,
        0,
        0,
      ],
      "monthlyGoal": [
        0,
        0,
        0,
        0,
        0,
        0,
        0,
        0,
        0,
        0,
        0,
        0,
        0,
        0,
        0,
        0,
        0,
        0,
        0,
        0,
        0,
        0,
        0,
        0,
        0,
        0,
        0,
        0,
        0,
        0,
        0,
        0,
        0,
        0,
        0,
        0,
        0,
        0,
        0,
        0,
        0,
        0,
        0,
        0,
        0,
        0,
        0,
        0,
        0,
        0,
      ],
    },
    "Rent": {
      "allocated": [
        0,
        0,
        0,
        0,
        0,
        1000,
        0,
        0,
        0,
        0,
        0,
        0,
        0,
        0,
        0,
        0,
        0,
        0,
        0,
        0,
        0,
        0,
        0,
        0,
        0,
        0,
        0,
        0,
        0,
        0,
        0,
        0,
        0,
        0,
        0,
        0,
        0,
        0,
        0,
        0,
        0,
        0,
        0,
        0,
        0,
        0,
        0,
        0,
        0,
        0,
        0,
        0,
        0,
        0,
        0,
        0,
      ],
      "monthlyGoal": [
        0,
        0,
        0,
        0,
        0,
        0,
        0,
        0,
        0,
        0,
        0,
        0,
        0,
        0,
        0,
        0,
        0,
        0,
        0,
        0,
        0,
        0,
        0,
        0,
        0,
        0,
        0,
        0,
        0,
        0,
        0,
        0,
        0,
        0,
        0,
        0,
        0,
        0,
        0,
        0,
        0,
        0,
        0,
        0,
        0,
        0,
        0,
        0,
        0,
        0,
      ],
    },
  },
  "panel": "transactions",
  "transactions": [
    {
      "account": "Checking",
      "amount": -1,
      "date": 2023-06-28T00:00:00.000Z,
      "description": "test",
      "envelope": "Groceries",
      "id": "0",
      "payee": "BuyMart",
    },
    {
      "account": "Checking",
      "amount": -2,
      "date": 2023-06-30T00:00:00.000Z,
      "description": "another test",
      "envelope": "Rent",
      "id": "1",
      "payee": "Scrooge McDuck",
    },
    {
      "account": "Checking",
      "amount": -10,
      "date": 2023-06-23T00:00:00.000Z,
      "description": "another another test",
      "envelope": "New",
      "id": "2",
      "payee": "Mr. F",
    },
    {
      "account": "Checking",
      "amount": 10,
      "date": 2023-06-25T00:00:00.000Z,
      "description": "credit",
      "envelope": "",
      "id": "3",
      "payee": "",
    },
    {
      "account": "Checking",
      "amount": -2,
      "date": 2023-07-30T00:00:00.000Z,
      "description": "another test",
      "envelope": "Rent",
      "id": "4",
      "payee": "Scrooge McDuck",
    },
  ],
  "unallocated": 10,
}
`;
